[1mInitial chunk files[22m  [2m | [22m[1mNames[22m                     [2m | [22m [1mRaw size[22m[2m | [22m[1mEstimated transfer size[22m
[32mchunk-SJXGA5BZ.js[39m    [2m | [22m[2m-[22m                         [2m | [22m[36m294.47 kB[39m[2m | [22m               [36m79.39 kB[39m
[32mstyles-JFEAR55C.css[39m  [2m | [22m[2mstyles[22m                    [2m | [22m[36m249.06 kB[39m[2m | [22m               [36m26.08 kB[39m
[32mscripts-SQ7W6IC7.js[39m  [2m | [22m[2mscripts[22m                   [2m | [22m [36m80.42 kB[39m[2m | [22m               [36m21.62 kB[39m
[32mpolyfills-FFHMD2TL.js[39m[2m | [22m[2mpolyfills[22m                 [2m | [22m [36m34.52 kB[39m[2m | [22m               [36m11.28 kB[39m
[32mmain-7H5TSOAO.js[39m     [2m | [22m[2mmain[22m                      [2m | [22m [36m10.52 kB[39m[2m | [22m                [36m3.17 kB[39m
[32mchunk-L3A5O673.js[39m    [2m | [22m[2m-[22m                         [2m | [22m  [36m1.77 kB[39m[2m | [22m              [36m560 bytes[39m
[32mchunk-RGRSF3MP.js[39m    [2m | [22m[2m-[22m                         [2m | [22m[36m107 bytes[39m[2m | [22m              [36m107 bytes[39m

[1m [22m                    [2m | [22m[1mInitial total[22m             [2m | [22m[1m[93m670.85 kB[39m[22m[2m | [22m              [1m142.21 kB[22m

[1mLazy chunk files[22m     [2m | [22m[1mNames[22m                     [2m | [22m [1mRaw size[22m[2m | [22m[1mEstimated transfer size[22m
[32mchunk-ZYPE6SKI.js[39m    [2m | [22m[2m-[22m                         [2m | [22m[36m149.54 kB[39m[2m | [22m               [36m37.60 kB[39m
[32mchunk-MTNMEFMB.js[39m    [2m | [22m[2m-[22m                         [2m | [22m [36m44.91 kB[39m[2m | [22m                [36m8.96 kB[39m
[32mchunk-K2GCFQGS.js[39m    [2m | [22m[2m-[22m                         [2m | [22m [36m42.96 kB[39m[2m | [22m               [36m12.24 kB[39m
[32mchunk-JRHRLU26.js[39m    [2m | [22m[2mhost-dashboard-component[22m  [2m | [22m [36m29.57 kB[39m[2m | [22m                [36m6.83 kB[39m
[32mchunk-5QG7FSPJ.js[39m    [2m | [22m[2mregister-component[22m        [2m | [22m [36m19.95 kB[39m[2m | [22m                [36m5.31 kB[39m
[32mchunk-BM77A4X4.js[39m    [2m | [22m[2mcomplete-profile-component[22m[2m | [22m [36m18.61 kB[39m[2m | [22m                [36m5.16 kB[39m
[32mchunk-JB7ORR42.js[39m    [2m | [22m[2mprofile-view-component[22m    [2m | [22m [36m17.70 kB[39m[2m | [22m                [36m4.33 kB[39m
[32mchunk-4IAVI4KB.js[39m    [2m | [22m[2mproperty-detail-component[22m [2m | [22m [36m16.81 kB[39m[2m | [22m                [36m5.12 kB[39m
[32mchunk-XOKKDPDQ.js[39m    [2m | [22m[2mproperty-manage-component[22m [2m | [22m [36m13.37 kB[39m[2m | [22m                [36m3.85 kB[39m
[32mchunk-YCAZINS5.js[39m    [2m | [22m[2mmessages-component[22m        [2m | [22m [36m12.44 kB[39m[2m | [22m                [36m3.66 kB[39m
[32mchunk-KTDYZXNN.js[39m    [2m | [22m[2mpost-property-component[22m   [2m | [22m [36m11.29 kB[39m[2m | [22m                [36m3.97 kB[39m
[32mchunk-56BUR65D.js[39m    [2m | [22m[2mhome-component[22m            [2m | [22m  [36m6.33 kB[39m[2m | [22m                [36m2.43 kB[39m
[32mchunk-G4WG5EWX.js[39m    [2m | [22m[2mdashboard-component[22m       [2m | [22m  [36m5.46 kB[39m[2m | [22m                [36m2.07 kB[39m
[32mchunk-KX6ZQA5S.js[39m    [2m | [22m[2mlogin-component[22m           [2m | [22m  [36m4.52 kB[39m[2m | [22m                [36m1.75 kB[39m
[32mchunk-OCZQSMJI.js[39m    [2m | [22m[2mproperties-list-component[22m [2m | [22m  [36m4.17 kB[39m[2m | [22m                [36m1.74 kB[39m
[2m...and 3 more lazy chunks files. Use "--verbose" to show all the files.[22m

Application bundle generation complete. [3.733 seconds]

node.exe : 
[1m[33m[33mΓû▓ [43;
33m[[43;30mWARNING[43
;33m][0m [1mNG8107: 
The left side of this 
optional chain 
operation does not 
include 'null' or 
'undefined' in its 
type, therefore the 
'?.' operator can be 
replaced with the '.' 
operator.[0m 
[1m[35m[plugin 
angular-compiler][0m
At line:1 char:1
+ & "C:\Program 
Files\nodejs/node.exe" 
"C:\Program 
Files\nodejs/node_mo 
...
+ ~~~~~~~~~~~~~~~~~~~~~
~~~~~~~~~~~~~~~~~~~~~~~
~~~~~~~~~~~~~~~~~~~~~~~
~~
    + CategoryInfo     
         : NotSpecifi  
  ed: ([1m[33m[33   
 mΓ...r-compiler][    
0m:String) [], Rem    
oteException
    + FullyQualifiedEr 
   rorId : NativeComm  
  andError
 

    src/app/pages/messa
ges/messages.component.
ts:45:50:
[37m      45 Γöé      
                 
Property: {{ conv.prope
rty?.[32mtitle[37m }}
         Γò╡           
                       
                 
[32m~~~~~[0m


[33mΓû▓ [43;33m[[43;
30mWARNING[43;33m][0m
 [1mbundle initial 
exceeded maximum 
budget. Budget 512.00 
kB was not met by 
158.85 kB with a total 
of 670.85 kB.[0m


[33mΓû▓ [43;33m[[43;
30mWARNING[43;33m][0m
 [1mModule 'leaflet' 
used by 'src/app/pages/
properties/post-propert
y.component.ts' is not 
ESM[0m

  CommonJS or AMD 
dependencies can cause 
optimization bailouts.
  For more information 
see: [4mhttps://angula
r.dev/tools/cli/build#c
onfiguring-commonjs-dep
endencies[0m


[33mΓû▓ [43;33m[[43;
30mWARNING[43;33m][0m
 [1m1 rules skipped 
due to selector errors:
  
.form-floating>~label 
-> Did not expect 
successive 
traversals.[0m

[39m[22m
Output location: C:\Users\vrund\OneDrive\Desktop\RealEstste\vadodara-homes\dist\vadodara-homes

